mode: set
group_test/mysplit.go:9.44,12.17 2 1
group_test/mysplit.go:19.2,20.11 2 1
group_test/mysplit.go:24.2,24.8 1 1
group_test/mysplit.go:12.17,13.32 1 1
group_test/mysplit.go:16.3,17.34 2 1
group_test/mysplit.go:13.32,15.4 1 1
group_test/mysplit.go:20.11,23.3 1 0
